../Core/Src/main.c:117:5:main	8	static
../Core/Src/main.c:216:6:SystemClock_Config	88	static
../Core/Src/main.c:269:6:PeriphCommonClock_Config	144	static
../Core/Src/main.c:293:13:MX_I2C1_Init	8	static
../Core/Src/main.c:345:13:MX_I2S2_Init	8	static
../Core/Src/main.c:378:13:MX_I2S3_Init	8	static
../Core/Src/main.c:411:13:MX_TIM1_Init	56	static
../Core/Src/main.c:462:13:MX_TIM2_Init	56	static
../Core/Src/main.c:509:13:MX_DMA_Init	16	static
../Core/Src/main.c:530:13:MX_GPIO_Init	56	static
../Core/Src/main.c:569:13:updateState	16	static
../Core/Src/main.c:641:13:doEffect	16	static
../Core/Src/main.c:663:6:doPassthru	48	static
../Core/Src/main.c:698:6:HAL_I2S_TxCpltCallback	16	static
../Core/Src/main.c:707:6:HAL_I2S_RxCpltCallback	16	static
../Core/Src/main.c:715:6:HAL_I2S_TxHalfCpltCallback	16	static
../Core/Src/main.c:724:6:HAL_I2S_RxHalfCpltCallback	16	static
../Core/Src/main.c:733:6:HAL_GPIO_EXTI_Callback	16	static
../Core/Src/main.c:742:6:MPU_Config	24	static
../Core/Src/main.c:773:6:Error_Handler	4	static,ignoring_inline_asm
../Core/Src/main.c:792:6:assert_failed	16	static
