../Core/Src/main.c:127:5:main	8	static
../Core/Src/main.c:221:6:SystemClock_Config	88	static
../Core/Src/main.c:274:6:PeriphCommonClock_Config	144	static
../Core/Src/main.c:298:13:MX_I2C1_Init	8	static
../Core/Src/main.c:350:13:MX_I2S2_Init	8	static
../Core/Src/main.c:383:13:MX_I2S3_Init	8	static
../Core/Src/main.c:416:13:MX_TIM1_Init	56	static
../Core/Src/main.c:467:13:MX_TIM2_Init	56	static
../Core/Src/main.c:514:13:MX_DMA_Init	16	static
../Core/Src/main.c:535:13:MX_GPIO_Init	56	static
../Core/Src/main.c:574:13:updateState	32	static
../Core/Src/main.c:647:13:doEffect	16	static
../Core/Src/main.c:666:6:doPassthru	48	static
../Core/Src/main.c:701:6:HAL_I2S_TxCpltCallback	16	static
../Core/Src/main.c:710:6:HAL_I2S_RxCpltCallback	16	static
../Core/Src/main.c:718:6:HAL_I2S_TxHalfCpltCallback	16	static
../Core/Src/main.c:727:6:HAL_I2S_RxHalfCpltCallback	16	static
../Core/Src/main.c:736:6:HAL_GPIO_EXTI_Callback	16	static
../Core/Src/main.c:747:6:Error_Handler	4	static,ignoring_inline_asm
../Core/Src/main.c:766:6:assert_failed	16	static
